[axona-win] arm-roll START target=20 01:06:34Z
[axona-win] --- armed roll 1/20 01:06:34Z ---
WARNING: Task may not run because /ST is earlier than current time.
[axona-win]   post-roll census=20 (want 20)
[axona-win] --- armed roll 2/20 01:07:35Z ---
WARNING: Task may not run because /ST is earlier than current time.
[axona-win]   post-roll census=20 (want 20)
[axona-win] --- armed roll 3/20 01:08:36Z ---
WARNING: Task may not run because /ST is earlier than current time.
[axona-win]   post-roll census=20 (want 20)
[axona-win] --- armed roll 4/20 01:09:38Z ---
WARNING: Task may not run because /ST is earlier than current time.
[axona-win]   post-roll census=20 (want 20)
[axona-win] --- armed roll 5/20 01:10:39Z ---
WARNING: Task may not run because /ST is earlier than current time.
[axona-win]   post-roll census=20 (want 20)
[axona-win] --- armed roll 6/20 01:11:40Z ---
WARNING: Task may not run because /ST is earlier than current time.
[axona-win]   post-roll census=20 (want 20)
[axona-win] --- armed roll 7/20 01:12:42Z ---
WARNING: Task may not run because /ST is earlier than current time.
[axona-win]   post-roll census=20 (want 20)
[axona-win] --- armed roll 8/20 01:13:43Z ---
WARNING: Task may not run because /ST is earlier than current time.
[axona-win]   post-roll census=20 (want 20)
[axona-win] --- armed roll 9/20 01:14:44Z ---
WARNING: Task may not run because /ST is earlier than current time.
[axona-win]   post-roll census=20 (want 20)
[axona-win] --- armed roll 10/20 01:15:46Z ---
WARNING: Task may not run because /ST is earlier than current time.
[axona-win]   post-roll census=20 (want 20)
[axona-win] --- armed roll 11/20 01:16:47Z ---
WARNING: Task may not run because /ST is earlier than current time.
[axona-win]   post-roll census=20 (want 20)
[axona-win] --- armed roll 12/20 01:17:48Z ---
WARNING: Task may not run because /ST is earlier than current time.
[axona-win]   post-roll census=20 (want 20)
[axona-win] --- armed roll 13/20 01:18:50Z ---
WARNING: Task may not run because /ST is earlier than current time.
[axona-win]   post-roll census=20 (want 20)
[axona-win] --- armed roll 14/20 01:19:51Z ---
WARNING: Task may not run because /ST is earlier than current time.
[axona-win]   post-roll census=20 (want 20)
[axona-win] --- armed roll 15/20 01:20:53Z ---
WARNING: Task may not run because /ST is earlier than current time.
[axona-win]   post-roll census=20 (want 20)
[axona-win] --- armed roll 16/20 01:21:54Z ---
WARNING: Task may not run because /ST is earlier than current time.
[axona-win]   post-roll census=20 (want 20)
[axona-win] --- armed roll 17/20 01:22:55Z ---
WARNING: Task may not run because /ST is earlier than current time.
[axona-win]   post-roll census=20 (want 20)
[axona-win] --- armed roll 18/20 01:23:58Z ---
WARNING: Task may not run because /ST is earlier than current time.
[axona-win]   post-roll census=21 (want 20)
[axona-win] --- armed roll 19/20 01:24:59Z ---
WARNING: Task may not run because /ST is earlier than current time.
[axona-win]   post-roll census=22 (want 20)
[axona-win] --- armed roll 20/20 01:26:00Z ---
WARNING: Task may not run because /ST is earlier than current time.
[axona-win]   post-roll census=23 (want 20)
[axona-win] arm-roll DONE 01:27:02Z
