[axona-win] arm-roll START target=20 19:23:35Z
[axona-win] --- armed roll 1/20 19:23:35Z ---
WARNING: Task may not run because /ST is earlier than current time.
[axona-win]   post-roll census=20 (want 20)
[axona-win] --- armed roll 2/20 19:24:36Z ---
WARNING: Task may not run because /ST is earlier than current time.
[axona-win]   post-roll census=20 (want 20)
[axona-win] --- armed roll 3/20 19:25:38Z ---
WARNING: Task may not run because /ST is earlier than current time.
[axona-win]   post-roll census=20 (want 20)
[axona-win] --- armed roll 4/20 19:26:39Z ---
WARNING: Task may not run because /ST is earlier than current time.
[axona-win]   post-roll census=20 (want 20)
[axona-win] --- armed roll 5/20 19:27:41Z ---
WARNING: Task may not run because /ST is earlier than current time.
[axona-win]   post-roll census=20 (want 20)
[axona-win] --- armed roll 6/20 19:28:42Z ---
WARNING: Task may not run because /ST is earlier than current time.
[axona-win]   post-roll census=20 (want 20)
[axona-win] --- armed roll 7/20 19:29:43Z ---
WARNING: Task may not run because /ST is earlier than current time.
[axona-win]   post-roll census=20 (want 20)
[axona-win] --- armed roll 8/20 19:30:45Z ---
WARNING: Task may not run because /ST is earlier than current time.
[axona-win]   post-roll census=20 (want 20)
[axona-win] --- armed roll 9/20 19:31:46Z ---
WARNING: Task may not run because /ST is earlier than current time.
[axona-win]   post-roll census=20 (want 20)
[axona-win] --- armed roll 10/20 19:32:47Z ---
WARNING: Task may not run because /ST is earlier than current time.
[axona-win]   post-roll census=20 (want 20)
[axona-win] --- armed roll 11/20 19:33:49Z ---
WARNING: Task may not run because /ST is earlier than current time.
[axona-win]   post-roll census=20 (want 20)
[axona-win] --- armed roll 12/20 19:34:50Z ---
WARNING: Task may not run because /ST is earlier than current time.
[axona-win]   post-roll census=20 (want 20)
[axona-win] --- armed roll 13/20 19:35:51Z ---
WARNING: Task may not run because /ST is earlier than current time.
[axona-win]   post-roll census=20 (want 20)
[axona-win] --- armed roll 14/20 19:36:53Z ---
WARNING: Task may not run because /ST is earlier than current time.
[axona-win]   post-roll census=20 (want 20)
[axona-win] --- armed roll 15/20 19:37:54Z ---
WARNING: Task may not run because /ST is earlier than current time.
[axona-win]   post-roll census=20 (want 20)
[axona-win] --- armed roll 16/20 19:38:55Z ---
WARNING: Task may not run because /ST is earlier than current time.
[axona-win]   post-roll census=20 (want 20)
[axona-win] --- armed roll 17/20 19:39:57Z ---
WARNING: Task may not run because /ST is earlier than current time.
[axona-win]   post-roll census=20 (want 20)
[axona-win] --- armed roll 18/20 19:40:58Z ---
WARNING: Task may not run because /ST is earlier than current time.
[axona-win]   post-roll census=20 (want 20)
[axona-win] --- armed roll 19/20 19:41:59Z ---
WARNING: Task may not run because /ST is earlier than current time.
[axona-win]   post-roll census=20 (want 20)
[axona-win] --- armed roll 20/20 19:43:01Z ---
WARNING: Task may not run because /ST is earlier than current time.
[axona-win]   post-roll census=20 (want 20)
[axona-win] arm-roll DONE 19:44:02Z
