storm-correlation canary — kernel 4.67.1 (checkout) → wss://testnet.axona.net
arm: maintenance ON (kNear=5, tick=5000ms, maxPerTick=3); guard ON (maxAttempts=4, base=20000ms); run 1200s
connected: synaptome=6 in=0 ready={"ready":true,"peers":6,"ms":1510,"reason":"minPeers"}
[13:53:18] syn=20 cand=15 neverBind=10 attempts=15 maxNB=1 overBudget=0
[13:53:48] syn=21 cand=15 neverBind=9 attempts=19 maxNB=1 overBudget=0
[13:54:18] syn=21 cand=15 neverBind=9 attempts=19 maxNB=1 overBudget=0
[13:54:48] syn=21 cand=15 neverBind=9 attempts=19 maxNB=1 overBudget=0
[13:55:18] syn=21 cand=15 neverBind=9 attempts=19 maxNB=1 overBudget=0
[13:55:48] syn=21 cand=15 neverBind=9 attempts=19 maxNB=1 overBudget=0
[13:56:18] syn=21 cand=15 neverBind=9 attempts=19 maxNB=1 overBudget=0
[13:56:48] syn=21 cand=15 neverBind=9 attempts=19 maxNB=1 overBudget=0
[13:57:18] syn=21 cand=15 neverBind=9 attempts=19 maxNB=1 overBudget=0
[13:57:48] syn=21 cand=15 neverBind=9 attempts=19 maxNB=1 overBudget=0
[13:58:18] syn=21 cand=15 neverBind=9 attempts=19 maxNB=1 overBudget=0
[13:58:48] syn=21 cand=15 neverBind=9 attempts=19 maxNB=1 overBudget=0
[13:59:18] syn=21 cand=15 neverBind=9 attempts=19 maxNB=1 overBudget=0
[13:59:48] syn=21 cand=15 neverBind=9 attempts=19 maxNB=1 overBudget=0
[14:00:18] syn=21 cand=15 neverBind=9 attempts=19 maxNB=1 overBudget=0
[14:00:48] syn=21 cand=15 neverBind=9 attempts=19 maxNB=1 overBudget=0
[14:01:18] syn=21 cand=15 neverBind=9 attempts=19 maxNB=1 overBudget=0
[14:01:48] syn=21 cand=15 neverBind=9 attempts=19 maxNB=1 overBudget=0
[14:02:18] syn=21 cand=15 neverBind=9 attempts=19 maxNB=1 overBudget=0
[14:02:48] syn=21 cand=15 neverBind=9 attempts=19 maxNB=1 overBudget=0
[14:03:18] syn=21 cand=15 neverBind=9 attempts=19 maxNB=1 overBudget=0
[14:03:48] syn=21 cand=15 neverBind=9 attempts=19 maxNB=1 overBudget=0
[14:04:18] syn=21 cand=15 neverBind=9 attempts=19 maxNB=1 overBudget=0
[14:04:48] syn=21 cand=15 neverBind=9 attempts=19 maxNB=1 overBudget=0
[14:05:18] syn=21 cand=15 neverBind=9 attempts=19 maxNB=1 overBudget=0
[14:05:48] syn=21 cand=15 neverBind=9 attempts=19 maxNB=1 overBudget=0
[14:06:18] syn=21 cand=15 neverBind=9 attempts=19 maxNB=1 overBudget=0
[14:06:48] syn=21 cand=15 neverBind=9 attempts=19 maxNB=1 overBudget=0
[14:07:18] syn=21 cand=15 neverBind=9 attempts=19 maxNB=1 overBudget=0
[14:07:48] syn=21 cand=15 neverBind=9 attempts=19 maxNB=1 overBudget=0
[14:08:18] syn=21 cand=15 neverBind=9 attempts=19 maxNB=1 overBudget=0
[14:08:48] syn=21 cand=15 neverBind=9 attempts=19 maxNB=1 overBudget=0
[14:09:18] syn=21 cand=15 neverBind=9 attempts=19 maxNB=1 overBudget=0
[14:09:48] syn=21 cand=15 neverBind=9 attempts=19 maxNB=1 overBudget=0
[14:10:18] syn=21 cand=15 neverBind=9 attempts=19 maxNB=1 overBudget=0
[14:10:48] syn=21 cand=15 neverBind=9 attempts=19 maxNB=1 overBudget=0
[14:11:18] syn=21 cand=15 neverBind=9 attempts=19 maxNB=1 overBudget=0
[14:11:48] syn=21 cand=15 neverBind=9 attempts=19 maxNB=1 overBudget=0
[14:12:18] syn=21 cand=15 neverBind=9 attempts=19 maxNB=1 overBudget=0

=== FINAL ===
{
 "guard": true,
 "syn": 20,
 "inSyn": 0,
 "candidates": 15,
 "neverBinders": 9,
 "attemptsTotal": 19,
 "boundEvents": 21,
 "diedEvents": 1,
 "maxAttemptsAnyCand": 5,
 "maxAttemptsNeverBinder": 1,
 "neverBindersOverBudget": 0,
 "guardRefills": 0,
 "guardCoalesced": 0,
 "neverBinderAttemptBuckets": {
  "1": 9,
  "2-4": 0,
  "5-9": 0,
  "10-19": 0,
  "20+": 0
 }
}

VERDICT INPUTS: never-binders=9; max attempts to a never-binder=1; guard bound=4 (over-budget should be 0)
jsonl: results/storm-canary-armB-guarded.jsonl
